programa
{
    funcao inicio()
    {
        inteiro x = 10

        se (x > 5)
        {
            escreva("maior")
        }
        senao
        {
            escreva("menor ou igual")
        }
        // retorne 0
    }
}
