programa
{
    funcao inicio()
    {
        inteiro i = 0

        enquanto (i < 5)
        {
            escreva(i)
            i = i + 1
        }
        // retorne 0
    }
}
