Erro semântico: Variável 'x' usada, mas não declarada
erro semântico: variável não declarada
