Erro semântico na linha 3: Variável 'x' já declarada.