programa
{
    funcao inicio()
    {
        inteiro x = 10

        x = x + 3
        escreva(x)
    }
}