Erro semântico na linha 2: Variável 'x' não declarada.